// Jest Snapshot v1, https://goo.gl/fbAQLP

exports[`Validate Main event pull_request main.js 1`] = `
"cspell-action
Pull Request
1/9 /Users/jason/projects/cspell-action/.github/workflows/test.yml (???.??ms)
2/9 /Users/jason/projects/cspell-action/.eslintrc.js (???.??ms)
3/9 /Users/jason/projects/cspell-action/package.json (???.??ms)
4/9 /Users/jason/projects/cspell-action/.vscode/launch.json (???.??ms)
5/9 /Users/jason/projects/cspell-action/fixtures/sampleCode/ts/sample.ts (???.??ms)
6/9 /Users/jason/projects/cspell-action/action.yaml (???.??ms)
7/9 /Users/jason/projects/cspell-action/README.md (???.??ms)
8/9 /Users/jason/projects/cspell-action/cspell.json (???.??ms)
9/9 /Users/jason/projects/cspell-action/.github/workflows/lint.yml (???.??ms)
Done.
"
`;

exports[`Validate Main event push main.js 1`] = `
"cspell-action
Push
1/1 /Users/jason/projects/cspell-action/.editorconfig (???.??ms)
Done.
"
`;
